17 /156 {'method': 'RK4', 'case': 'fig1a', 'model': 'SD2', 'mesh': 'fixed', 'variant': 'main', 'nx': 256, 'L': 40.0, 'h': 0.125, 'dt': 0.000125, 'T': 0.02, 'eval_half': 10.0} completed
18 /156 {'method': 'RK4', 'case': 'fig1a', 'model': 'SD2', 'mesh': 'moving', 'variant': 'main', 'nx': 256, 'L': 40.0, 'h': 0.125, 'dt': 0.000125, 'T': 0.02, 'eval_half': 10.0} completed
19 /156 {'method': 'RK4', 'case': 'fig1b', 'model': 'SD2', 'mesh': 'fixed', 'variant': 'main', 'nx': 256, 'L': 40.0, 'h': 0.125, 'dt': 0.000125, 'T': 0.02, 'eval_half': 10.0} completed
20 /156 {'method': 'RK4', 'case': 'fig1b', 'model': 'SD2', 'mesh': 'moving', 'variant': 'main', 'nx': 256, 'L': 40.0, 'h': 0.125, 'dt': 0.000125, 'T': 0.02, 'eval_half': 10.0} completed
21 /156 {'method': 'RK4', 'case': 'fig1a', 'model': 'SD2', 'mesh': 'fixed', 'variant': 'time_half', 'nx': 256, 'L': 40.0, 'h': 0.125, 'dt': 6.25e-05, 'T': 0.02, 'eval_half': 10.0} completed
22 /156 {'method': 'RK4', 'case': 'fig1b', 'model': 'SD2', 'mesh': 'fixed', 'variant': 'time_half', 'nx': 256, 'L': 40.0, 'h': 0.125, 'dt': 6.25e-05, 'T': 0.02, 'eval_half': 10.0} completed
23 /156 {'method': 'RK4', 'case': 'fig1a', 'model': 'SD2', 'mesh': 'moving', 'variant': 'time_half', 'nx': 256, 'L': 40.0, 'h': 0.125, 'dt': 6.25e-05, 'T': 0.02, 'eval_half': 10.0} completed
24 /156 {'method': 'RK4', 'case': 'fig1a', 'model': 'SD', 'mesh': 'fixed', 'variant': 'x_half', 'nx': 512, 'L': 40.0, 'h': 0.125, 'dt': 6.25e-05, 'T': 0.02, 'eval_half': 10.0} completed
25 /156 {'method': 'RK4', 'case': 'fig1b', 'model': 'SD2', 'mesh': 'moving', 'variant': 'time_half', 'nx': 256, 'L': 40.0, 'h': 0.125, 'dt': 6.25e-05, 'T': 0.02, 'eval_half': 10.0} completed
26 /156 {'method': 'RK4', 'case': 'fig1a', 'model': 'SD2', 'mesh': 'fixed', 'variant': 'x_half', 'nx': 512, 'L': 40.0, 'h': 0.125, 'dt': 6.25e-05, 'T': 0.02, 'eval_half': 10.0} completed
27 /156 {'method': 'RK4', 'case': 'fig1a', 'model': 'SD', 'mesh': 'moving', 'variant': 'x_half', 'nx': 512, 'L': 40.0, 'h': 0.125, 'dt': 6.25e-05, 'T': 0.02, 'eval_half': 10.0} completed
28 /156 {'method': 'RK4', 'case': 'fig1a', 'model': 'FD', 'mesh': 'fixed', 'variant': 'x_half', 'nx': 512, 'L': 40.0, 'h': 0.125, 'dt': 6.25e-05, 'T': 0.02, 'eval_half': 10.0} completed
29 /156 {'method': 'RK4', 'case': 'fig1a', 'model': 'SD2', 'mesh': 'moving', 'variant': 'x_half', 'nx': 512, 'L': 40.0, 'h': 0.125, 'dt': 6.25e-05, 'T': 0.02, 'eval_half': 10.0} completed
30 /156 {'method': 'RK4', 'case': 'fig1a', 'model': 'FD', 'mesh': 'moving', 'variant': 'x_half', 'nx': 512, 'L': 40.0, 'h': 0.125, 'dt': 6.25e-05, 'T': 0.02, 'eval_half': 10.0} completed
31 /156 {'method': 'RK4', 'case': 'fig1b', 'model': 'SD', 'mesh': 'fixed', 'variant': 'x_half', 'nx': 512, 'L': 40.0, 'h': 0.125, 'dt': 6.25e-05, 'T': 0.02, 'eval_half': 10.0} completed
32 /156 {'method': 'RK4', 'case': 'fig1b', 'model': 'SD', 'mesh': 'moving', 'variant': 'x_half', 'nx': 512, 'L': 40.0, 'h': 0.125, 'dt': 6.25e-05, 'T': 0.02, 'eval_half': 10.0} completed
33 /156 {'method': 'RK4', 'case': 'fig1b', 'model': 'SD2', 'mesh': 'fixed', 'variant': 'x_half', 'nx': 512, 'L': 40.0, 'h': 0.125, 'dt': 6.25e-05, 'T': 0.02, 'eval_half': 10.0} completed
34 /156 {'method': 'RK4', 'case': 'fig1b', 'model': 'FD', 'mesh': 'fixed', 'variant': 'x_half', 'nx': 512, 'L': 40.0, 'h': 0.125, 'dt': 6.25e-05, 'T': 0.02, 'eval_half': 10.0} completed
35 /156 {'method': 'RK4', 'case': 'fig1b', 'model': 'SD2', 'mesh': 'moving', 'variant': 'x_half', 'nx': 512, 'L': 40.0, 'h': 0.125, 'dt': 6.25e-05, 'T': 0.02, 'eval_half': 10.0} completed
36 /156 {'method': 'RK4', 'case': 'fig1b', 'model': 'FD', 'mesh': 'moving', 'variant': 'x_half', 'nx': 512, 'L': 40.0, 'h': 0.125, 'dt': 6.25e-05, 'T': 0.02, 'eval_half': 10.0} completed
37 /156 {'method': 'RK4', 'case': 'fig1a', 'model': 'SD', 'mesh': 'fixed', 'variant': 'y_half', 'nx': 256, 'L': 40.0, 'h': 0.0625, 'dt': 0.000125, 'T': 0.02, 'eval_half': 10.0} completed
38 /156 {'method': 'RK4', 'case': 'fig1a', 'model': 'SD2', 'mesh': 'fixed', 'variant': 'y_half', 'nx': 256, 'L': 40.0, 'h': 0.0625, 'dt': 0.000125, 'T': 0.02, 'eval_half': 10.0} completed
39 /156 {'method': 'RK4', 'case': 'fig1a', 'model': 'SD', 'mesh': 'moving', 'variant': 'y_half', 'nx': 256, 'L': 40.0, 'h': 0.0625, 'dt': 0.000125, 'T': 0.02, 'eval_half': 10.0} completed
40 /156 {'method': 'RK4', 'case': 'fig1a', 'model': 'FD', 'mesh': 'fixed', 'variant': 'y_half', 'nx': 256, 'L': 40.0, 'h': 0.0625, 'dt': 0.000125, 'T': 0.02, 'eval_half': 10.0} completed
41 /156 {'method': 'RK4', 'case': 'fig1a', 'model': 'SD2', 'mesh': 'moving', 'variant': 'y_half', 'nx': 256, 'L': 40.0, 'h': 0.0625, 'dt': 0.000125, 'T': 0.02, 'eval_half': 10.0} completed
42 /156 {'method': 'RK4', 'case': 'fig1a', 'model': 'FD', 'mesh': 'moving', 'variant': 'y_half', 'nx': 256, 'L': 40.0, 'h': 0.0625, 'dt': 0.000125, 'T': 0.02, 'eval_half': 10.0} completed
43 /156 {'method': 'RK4', 'case': 'fig1b', 'model': 'SD', 'mesh': 'fixed', 'variant': 'y_half', 'nx': 256, 'L': 40.0, 'h': 0.0625, 'dt': 0.000125, 'T': 0.02, 'eval_half': 10.0} completed
44 /156 {'method': 'RK4', 'case': 'fig1b', 'model': 'SD', 'mesh': 'moving', 'variant': 'y_half', 'nx': 256, 'L': 40.0, 'h': 0.0625, 'dt': 0.000125, 'T': 0.02, 'eval_half': 10.0} completed
45 /156 {'method': 'RK4', 'case': 'fig1b', 'model': 'SD2', 'mesh': 'fixed', 'variant': 'y_half', 'nx': 256, 'L': 40.0, 'h': 0.0625, 'dt': 0.000125, 'T': 0.02, 'eval_half': 10.0} completed
46 /156 {'method': 'RK4', 'case': 'fig1b', 'model': 'FD', 'mesh': 'fixed', 'variant': 'y_half', 'nx': 256, 'L': 40.0, 'h': 0.0625, 'dt': 0.000125, 'T': 0.02, 'eval_half': 10.0} completed
47 /156 {'method': 'RK4', 'case': 'fig1b', 'model': 'SD2', 'mesh': 'moving', 'variant': 'y_half', 'nx': 256, 'L': 40.0, 'h': 0.0625, 'dt': 0.000125, 'T': 0.02, 'eval_half': 10.0} completed
48 /156 {'method': 'RK4', 'case': 'fig1b', 'model': 'FD', 'mesh': 'moving', 'variant': 'y_half', 'nx': 256, 'L': 40.0, 'h': 0.0625, 'dt': 0.000125, 'T': 0.02, 'eval_half': 10.0} completed
49 /156 {'method': 'RK4', 'case': 'fig1a', 'model': 'SD', 'mesh': 'fixed', 'variant': 'domain_double', 'nx': 512, 'L': 80.0, 'h': 0.125, 'dt': 0.000125, 'T': 0.02, 'eval_half': 10.0} completed
50 /156 {'method': 'RK4', 'case': 'fig1a', 'model': 'SD', 'mesh': 'moving', 'variant': 'domain_double', 'nx': 512, 'L': 80.0, 'h': 0.125, 'dt': 0.000125, 'T': 0.02, 'eval_half': 10.0} completed
51 /156 {'method': 'RK4', 'case': 'fig1a', 'model': 'SD2', 'mesh': 'fixed', 'variant': 'domain_double', 'nx': 512, 'L': 80.0, 'h': 0.125, 'dt': 0.000125, 'T': 0.02, 'eval_half': 10.0} completed
52 /156 {'method': 'RK4', 'case': 'fig1a', 'model': 'FD', 'mesh': 'fixed', 'variant': 'domain_double', 'nx': 512, 'L': 80.0, 'h': 0.125, 'dt': 0.000125, 'T': 0.02, 'eval_half': 10.0} completed
53 /156 {'method': 'RK4', 'case': 'fig1a', 'model': 'SD2', 'mesh': 'moving', 'variant': 'domain_double', 'nx': 512, 'L': 80.0, 'h': 0.125, 'dt': 0.000125, 'T': 0.02, 'eval_half': 10.0} completed
54 /156 {'method': 'RK4', 'case': 'fig1a', 'model': 'FD', 'mesh': 'moving', 'variant': 'domain_double', 'nx': 512, 'L': 80.0, 'h': 0.125, 'dt': 0.000125, 'T': 0.02, 'eval_half': 10.0} completed
55 /156 {'method': 'RK4', 'case': 'fig1b', 'model': 'SD', 'mesh': 'fixed', 'variant': 'domain_double', 'nx': 512, 'L': 80.0, 'h': 0.125, 'dt': 0.000125, 'T': 0.02, 'eval_half': 10.0} completed
56 /156 {'method': 'RK4', 'case': 'fig1b', 'model': 'SD', 'mesh': 'moving', 'variant': 'domain_double', 'nx': 512, 'L': 80.0, 'h': 0.125, 'dt': 0.000125, 'T': 0.02, 'eval_half': 10.0} completed
57 /156 {'method': 'RK4', 'case': 'fig1b', 'model': 'SD2', 'mesh': 'fixed', 'variant': 'domain_double', 'nx': 512, 'L': 80.0, 'h': 0.125, 'dt': 0.000125, 'T': 0.02, 'eval_half': 10.0} completed
58 /156 {'method': 'RK4', 'case': 'fig1b', 'model': 'FD', 'mesh': 'fixed', 'variant': 'domain_double', 'nx': 512, 'L': 80.0, 'h': 0.125, 'dt': 0.000125, 'T': 0.02, 'eval_half': 10.0} completed
59 /156 {'method': 'RK4', 'case': 'fig1b', 'model': 'SD2', 'mesh': 'moving', 'variant': 'domain_double', 'nx': 512, 'L': 80.0, 'h': 0.125, 'dt': 0.000125, 'T': 0.02, 'eval_half': 10.0} completed
60 /156 {'method': 'RK4', 'case': 'fig1b', 'model': 'FD', 'mesh': 'moving', 'variant': 'domain_double', 'nx': 512, 'L': 80.0, 'h': 0.125, 'dt': 0.000125, 'T': 0.02, 'eval_half': 10.0} completed
61 /156 {'method': 'RK4', 'case': 'fig1a', 'model': 'SD', 'mesh': 'fixed', 'variant': 'x_half_time_half', 'nx': 512, 'L': 40.0, 'h': 0.125, 'dt': 3.125e-05, 'T': 0.02, 'eval_half': 10.0} completed
62 /156 {'method': 'RK4', 'case': 'fig1a', 'model': 'SD', 'mesh': 'moving', 'variant': 'x_half_time_half', 'nx': 512, 'L': 40.0, 'h': 0.125, 'dt': 3.125e-05, 'T': 0.02, 'eval_half': 10.0} completed
63 /156 {'method': 'RK4', 'case': 'fig1a', 'model': 'SD2', 'mesh': 'fixed', 'variant': 'x_half_time_half', 'nx': 512, 'L': 40.0, 'h': 0.125, 'dt': 3.125e-05, 'T': 0.02, 'eval_half': 10.0} completed
64 /156 {'method': 'RK4', 'case': 'fig1a', 'model': 'FD', 'mesh': 'fixed', 'variant': 'x_half_time_half', 'nx': 512, 'L': 40.0, 'h': 0.125, 'dt': 3.125e-05, 'T': 0.02, 'eval_half': 10.0} completed
65 /156 {'method': 'RK4', 'case': 'fig1a', 'model': 'SD2', 'mesh': 'moving', 'variant': 'x_half_time_half', 'nx': 512, 'L': 40.0, 'h': 0.125, 'dt': 3.125e-05, 'T': 0.02, 'eval_half': 10.0} completed
66 /156 {'method': 'RK4', 'case': 'fig1a', 'model': 'FD', 'mesh': 'moving', 'variant': 'x_half_time_half', 'nx': 512, 'L': 40.0, 'h': 0.125, 'dt': 3.125e-05, 'T': 0.02, 'eval_half': 10.0} completed
67 /156 {'method': 'RK4', 'case': 'fig1b', 'model': 'SD', 'mesh': 'fixed', 'variant': 'x_half_time_half', 'nx': 512, 'L': 40.0, 'h': 0.125, 'dt': 3.125e-05, 'T': 0.02, 'eval_half': 10.0} completed
68 /156 {'method': 'RK4', 'case': 'fig1b', 'model': 'SD', 'mesh': 'moving', 'variant': 'x_half_time_half', 'nx': 512, 'L': 40.0, 'h': 0.125, 'dt': 3.125e-05, 'T': 0.02, 'eval_half': 10.0} completed
69 /156 {'method': 'RK4', 'case': 'fig1b', 'model': 'SD2', 'mesh': 'fixed', 'variant': 'x_half_time_half', 'nx': 512, 'L': 40.0, 'h': 0.125, 'dt': 3.125e-05, 'T': 0.02, 'eval_half': 10.0} completed
70 /156 {'method': 'RK4', 'case': 'fig1b', 'model': 'FD', 'mesh': 'fixed', 'variant': 'x_half_time_half', 'nx': 512, 'L': 40.0, 'h': 0.125, 'dt': 3.125e-05, 'T': 0.02, 'eval_half': 10.0} completed
71 /156 {'method': 'RK4', 'case': 'fig1b', 'model': 'SD2', 'mesh': 'moving', 'variant': 'x_half_time_half', 'nx': 512, 'L': 40.0, 'h': 0.125, 'dt': 3.125e-05, 'T': 0.02, 'eval_half': 10.0} completed
72 /156 {'method': 'Euler', 'case': 'fig1a', 'model': 'SD', 'mesh': 'fixed', 'variant': 'main', 'nx': 256, 'L': 40.0, 'h': 0.125, 'dt': 0.000125, 'T': 0.02, 'eval_half': 10.0} completed
73 /156 {'method': 'RK4', 'case': 'fig1b', 'model': 'FD', 'mesh': 'moving', 'variant': 'x_half_time_half', 'nx': 512, 'L': 40.0, 'h': 0.125, 'dt': 3.125e-05, 'T': 0.02, 'eval_half': 10.0} completed
74 /156 {'method': 'Euler', 'case': 'fig1a', 'model': 'SD', 'mesh': 'moving', 'variant': 'main', 'nx': 256, 'L': 40.0, 'h': 0.125, 'dt': 0.000125, 'T': 0.02, 'eval_half': 10.0} completed
75 /156 {'method': 'Euler', 'case': 'fig1a', 'model': 'SD2', 'mesh': 'fixed', 'variant': 'main', 'nx': 256, 'L': 40.0, 'h': 0.125, 'dt': 0.000125, 'T': 0.02, 'eval_half': 10.0} completed
76 /156 {'method': 'Euler', 'case': 'fig1a', 'model': 'SD2', 'mesh': 'moving', 'variant': 'main', 'nx': 256, 'L': 40.0, 'h': 0.125, 'dt': 0.000125, 'T': 0.02, 'eval_half': 10.0} completed
77 /156 {'method': 'Euler', 'case': 'fig1a', 'model': 'FD', 'mesh': 'fixed', 'variant': 'main', 'nx': 256, 'L': 40.0, 'h': 0.125, 'dt': 0.000125, 'T': 0.02, 'eval_half': 10.0} completed
78 /156 {'method': 'Euler', 'case': 'fig1b', 'model': 'SD', 'mesh': 'fixed', 'variant': 'main', 'nx': 256, 'L': 40.0, 'h': 0.125, 'dt': 0.000125, 'T': 0.02, 'eval_half': 10.0} completed
79 /156 {'method': 'Euler', 'case': 'fig1a', 'model': 'FD', 'mesh': 'moving', 'variant': 'main', 'nx': 256, 'L': 40.0, 'h': 0.125, 'dt': 0.000125, 'T': 0.02, 'eval_half': 10.0} completed
80 /156 {'method': 'Euler', 'case': 'fig1b', 'model': 'SD', 'mesh': 'moving', 'variant': 'main', 'nx': 256, 'L': 40.0, 'h': 0.125, 'dt': 0.000125, 'T': 0.02, 'eval_half': 10.0} completed
81 /156 {'method': 'Euler', 'case': 'fig1b', 'model': 'SD2', 'mesh': 'fixed', 'variant': 'main', 'nx': 256, 'L': 40.0, 'h': 0.125, 'dt': 0.000125, 'T': 0.02, 'eval_half': 10.0} completed
82 /156 {'method': 'Euler', 'case': 'fig1b', 'model': 'FD', 'mesh': 'fixed', 'variant': 'main', 'nx': 256, 'L': 40.0, 'h': 0.125, 'dt': 0.000125, 'T': 0.02, 'eval_half': 10.0} completed
83 /156 {'method': 'Euler', 'case': 'fig1b', 'model': 'SD2', 'mesh': 'moving', 'variant': 'main', 'nx': 256, 'L': 40.0, 'h': 0.125, 'dt': 0.000125, 'T': 0.02, 'eval_half': 10.0} completed
84 /156 {'method': 'Euler', 'case': 'fig1a', 'model': 'SD', 'mesh': 'fixed', 'variant': 'time_half', 'nx': 256, 'L': 40.0, 'h': 0.125, 'dt': 6.25e-05, 'T': 0.02, 'eval_half': 10.0} completed
85 /156 {'method': 'Euler', 'case': 'fig1b', 'model': 'FD', 'mesh': 'moving', 'variant': 'main', 'nx': 256, 'L': 40.0, 'h': 0.125, 'dt': 0.000125, 'T': 0.02, 'eval_half': 10.0} completed
86 /156 {'method': 'Euler', 'case': 'fig1a', 'model': 'SD', 'mesh': 'moving', 'variant': 'time_half', 'nx': 256, 'L': 40.0, 'h': 0.125, 'dt': 6.25e-05, 'T': 0.02, 'eval_half': 10.0} completed
87 /156 {'method': 'Euler', 'case': 'fig1a', 'model': 'SD2', 'mesh': 'fixed', 'variant': 'time_half', 'nx': 256, 'L': 40.0, 'h': 0.125, 'dt': 6.25e-05, 'T': 0.02, 'eval_half': 10.0} completed
88 /156 {'method': 'Euler', 'case': 'fig1a', 'model': 'FD', 'mesh': 'fixed', 'variant': 'time_half', 'nx': 256, 'L': 40.0, 'h': 0.125, 'dt': 6.25e-05, 'T': 0.02, 'eval_half': 10.0} completed
89 /156 {'method': 'Euler', 'case': 'fig1a', 'model': 'SD2', 'mesh': 'moving', 'variant': 'time_half', 'nx': 256, 'L': 40.0, 'h': 0.125, 'dt': 6.25e-05, 'T': 0.02, 'eval_half': 10.0} completed
90 /156 {'method': 'Euler', 'case': 'fig1a', 'model': 'FD', 'mesh': 'moving', 'variant': 'time_half', 'nx': 256, 'L': 40.0, 'h': 0.125, 'dt': 6.25e-05, 'T': 0.02, 'eval_half': 10.0} completed
91 /156 {'method': 'Euler', 'case': 'fig1b', 'model': 'SD', 'mesh': 'fixed', 'variant': 'time_half', 'nx': 256, 'L': 40.0, 'h': 0.125, 'dt': 6.25e-05, 'T': 0.02, 'eval_half': 10.0} completed
92 /156 {'method': 'Euler', 'case': 'fig1b', 'model': 'SD2', 'mesh': 'fixed', 'variant': 'time_half', 'nx': 256, 'L': 40.0, 'h': 0.125, 'dt': 6.25e-05, 'T': 0.02, 'eval_half': 10.0} completed
93 /156 {'method': 'Euler', 'case': 'fig1b', 'model': 'SD', 'mesh': 'moving', 'variant': 'time_half', 'nx': 256, 'L': 40.0, 'h': 0.125, 'dt': 6.25e-05, 'T': 0.02, 'eval_half': 10.0} completed
94 /156 {'method': 'Euler', 'case': 'fig1b', 'model': 'FD', 'mesh': 'fixed', 'variant': 'time_half', 'nx': 256, 'L': 40.0, 'h': 0.125, 'dt': 6.25e-05, 'T': 0.02, 'eval_half': 10.0} completed
95 /156 {'method': 'Euler', 'case': 'fig1b', 'model': 'SD2', 'mesh': 'moving', 'variant': 'time_half', 'nx': 256, 'L': 40.0, 'h': 0.125, 'dt': 6.25e-05, 'T': 0.02, 'eval_half': 10.0} completed
96 /156 {'method': 'Euler', 'case': 'fig1b', 'model': 'FD', 'mesh': 'moving', 'variant': 'time_half', 'nx': 256, 'L': 40.0, 'h': 0.125, 'dt': 6.25e-05, 'T': 0.02, 'eval_half': 10.0} completed
97 /156 {'method': 'Euler', 'case': 'fig1a', 'model': 'SD', 'mesh': 'fixed', 'variant': 'x_half', 'nx': 512, 'L': 40.0, 'h': 0.125, 'dt': 6.25e-05, 'T': 0.02, 'eval_half': 10.0} completed
98 /156 {'method': 'Euler', 'case': 'fig1a', 'model': 'SD', 'mesh': 'moving', 'variant': 'x_half', 'nx': 512, 'L': 40.0, 'h': 0.125, 'dt': 6.25e-05, 'T': 0.02, 'eval_half': 10.0} completed
99 /156 {'method': 'Euler', 'case': 'fig1a', 'model': 'SD2', 'mesh': 'fixed', 'variant': 'x_half', 'nx': 512, 'L': 40.0, 'h': 0.125, 'dt': 6.25e-05, 'T': 0.02, 'eval_half': 10.0} completed
100 /156 {'method': 'Euler', 'case': 'fig1a', 'model': 'FD', 'mesh': 'fixed', 'variant': 'x_half', 'nx': 512, 'L': 40.0, 'h': 0.125, 'dt': 6.25e-05, 'T': 0.02, 'eval_half': 10.0} completed
101 /156 {'method': 'Euler', 'case': 'fig1a', 'model': 'SD2', 'mesh': 'moving', 'variant': 'x_half', 'nx': 512, 'L': 40.0, 'h': 0.125, 'dt': 6.25e-05, 'T': 0.02, 'eval_half': 10.0} completed
102 /156 {'method': 'Euler', 'case': 'fig1a', 'model': 'FD', 'mesh': 'moving', 'variant': 'x_half', 'nx': 512, 'L': 40.0, 'h': 0.125, 'dt': 6.25e-05, 'T': 0.02, 'eval_half': 10.0} completed
103 /156 {'method': 'Euler', 'case': 'fig1b', 'model': 'SD', 'mesh': 'fixed', 'variant': 'x_half', 'nx': 512, 'L': 40.0, 'h': 0.125, 'dt': 6.25e-05, 'T': 0.02, 'eval_half': 10.0} completed
104 /156 {'method': 'Euler', 'case': 'fig1b', 'model': 'SD', 'mesh': 'moving', 'variant': 'x_half', 'nx': 512, 'L': 40.0, 'h': 0.125, 'dt': 6.25e-05, 'T': 0.02, 'eval_half': 10.0} completed
105 /156 {'method': 'Euler', 'case': 'fig1b', 'model': 'SD2', 'mesh': 'fixed', 'variant': 'x_half', 'nx': 512, 'L': 40.0, 'h': 0.125, 'dt': 6.25e-05, 'T': 0.02, 'eval_half': 10.0} completed
106 /156 {'method': 'Euler', 'case': 'fig1b', 'model': 'FD', 'mesh': 'fixed', 'variant': 'x_half', 'nx': 512, 'L': 40.0, 'h': 0.125, 'dt': 6.25e-05, 'T': 0.02, 'eval_half': 10.0} completed
107 /156 {'method': 'Euler', 'case': 'fig1b', 'model': 'SD2', 'mesh': 'moving', 'variant': 'x_half', 'nx': 512, 'L': 40.0, 'h': 0.125, 'dt': 6.25e-05, 'T': 0.02, 'eval_half': 10.0} completed
108 /156 {'method': 'Euler', 'case': 'fig1b', 'model': 'FD', 'mesh': 'moving', 'variant': 'x_half', 'nx': 512, 'L': 40.0, 'h': 0.125, 'dt': 6.25e-05, 'T': 0.02, 'eval_half': 10.0} completed
109 /156 {'method': 'Euler', 'case': 'fig1a', 'model': 'SD', 'mesh': 'fixed', 'variant': 'y_half', 'nx': 256, 'L': 40.0, 'h': 0.0625, 'dt': 0.000125, 'T': 0.02, 'eval_half': 10.0} completed
110 /156 {'method': 'Euler', 'case': 'fig1a', 'model': 'SD2', 'mesh': 'fixed', 'variant': 'y_half', 'nx': 256, 'L': 40.0, 'h': 0.0625, 'dt': 0.000125, 'T': 0.02, 'eval_half': 10.0} completed
111 /156 {'method': 'Euler', 'case': 'fig1a', 'model': 'SD', 'mesh': 'moving', 'variant': 'y_half', 'nx': 256, 'L': 40.0, 'h': 0.0625, 'dt': 0.000125, 'T': 0.02, 'eval_half': 10.0} completed
112 /156 {'method': 'Euler', 'case': 'fig1a', 'model': 'FD', 'mesh': 'fixed', 'variant': 'y_half', 'nx': 256, 'L': 40.0, 'h': 0.0625, 'dt': 0.000125, 'T': 0.02, 'eval_half': 10.0} completed
113 /156 {'method': 'Euler', 'case': 'fig1a', 'model': 'SD2', 'mesh': 'moving', 'variant': 'y_half', 'nx': 256, 'L': 40.0, 'h': 0.0625, 'dt': 0.000125, 'T': 0.02, 'eval_half': 10.0} completed
114 /156 {'method': 'Euler', 'case': 'fig1a', 'model': 'FD', 'mesh': 'moving', 'variant': 'y_half', 'nx': 256, 'L': 40.0, 'h': 0.0625, 'dt': 0.000125, 'T': 0.02, 'eval_half': 10.0} completed
115 /156 {'method': 'Euler', 'case': 'fig1b', 'model': 'SD', 'mesh': 'fixed', 'variant': 'y_half', 'nx': 256, 'L': 40.0, 'h': 0.0625, 'dt': 0.000125, 'T': 0.02, 'eval_half': 10.0} completed
116 /156 {'method': 'Euler', 'case': 'fig1b', 'model': 'SD2', 'mesh': 'fixed', 'variant': 'y_half', 'nx': 256, 'L': 40.0, 'h': 0.0625, 'dt': 0.000125, 'T': 0.02, 'eval_half': 10.0} completed
117 /156 {'method': 'Euler', 'case': 'fig1b', 'model': 'SD', 'mesh': 'moving', 'variant': 'y_half', 'nx': 256, 'L': 40.0, 'h': 0.0625, 'dt': 0.000125, 'T': 0.02, 'eval_half': 10.0} completed
118 /156 {'method': 'Euler', 'case': 'fig1b', 'model': 'FD', 'mesh': 'fixed', 'variant': 'y_half', 'nx': 256, 'L': 40.0, 'h': 0.0625, 'dt': 0.000125, 'T': 0.02, 'eval_half': 10.0} completed
119 /156 {'method': 'Euler', 'case': 'fig1b', 'model': 'SD2', 'mesh': 'moving', 'variant': 'y_half', 'nx': 256, 'L': 40.0, 'h': 0.0625, 'dt': 0.000125, 'T': 0.02, 'eval_half': 10.0} completed
120 /156 {'method': 'Euler', 'case': 'fig1a', 'model': 'SD', 'mesh': 'fixed', 'variant': 'domain_double', 'nx': 512, 'L': 80.0, 'h': 0.125, 'dt': 0.000125, 'T': 0.02, 'eval_half': 10.0} completed
121 /156 {'method': 'Euler', 'case': 'fig1b', 'model': 'FD', 'mesh': 'moving', 'variant': 'y_half', 'nx': 256, 'L': 40.0, 'h': 0.0625, 'dt': 0.000125, 'T': 0.02, 'eval_half': 10.0} completed
122 /156 {'method': 'Euler', 'case': 'fig1a', 'model': 'SD2', 'mesh': 'fixed', 'variant': 'domain_double', 'nx': 512, 'L': 80.0, 'h': 0.125, 'dt': 0.000125, 'T': 0.02, 'eval_half': 10.0} completed
123 /156 {'method': 'Euler', 'case': 'fig1a', 'model': 'SD', 'mesh': 'moving', 'variant': 'domain_double', 'nx': 512, 'L': 80.0, 'h': 0.125, 'dt': 0.000125, 'T': 0.02, 'eval_half': 10.0} completed
124 /156 {'method': 'Euler', 'case': 'fig1a', 'model': 'FD', 'mesh': 'fixed', 'variant': 'domain_double', 'nx': 512, 'L': 80.0, 'h': 0.125, 'dt': 0.000125, 'T': 0.02, 'eval_half': 10.0} completed
125 /156 {'method': 'Euler', 'case': 'fig1a', 'model': 'SD2', 'mesh': 'moving', 'variant': 'domain_double', 'nx': 512, 'L': 80.0, 'h': 0.125, 'dt': 0.000125, 'T': 0.02, 'eval_half': 10.0} completed
126 /156 {'method': 'Euler', 'case': 'fig1a', 'model': 'FD', 'mesh': 'moving', 'variant': 'domain_double', 'nx': 512, 'L': 80.0, 'h': 0.125, 'dt': 0.000125, 'T': 0.02, 'eval_half': 10.0} completed
127 /156 {'method': 'Euler', 'case': 'fig1b', 'model': 'SD', 'mesh': 'fixed', 'variant': 'domain_double', 'nx': 512, 'L': 80.0, 'h': 0.125, 'dt': 0.000125, 'T': 0.02, 'eval_half': 10.0} completed
128 /156 {'method': 'Euler', 'case': 'fig1b', 'model': 'SD2', 'mesh': 'fixed', 'variant': 'domain_double', 'nx': 512, 'L': 80.0, 'h': 0.125, 'dt': 0.000125, 'T': 0.02, 'eval_half': 10.0} completed
129 /156 {'method': 'Euler', 'case': 'fig1b', 'model': 'SD', 'mesh': 'moving', 'variant': 'domain_double', 'nx': 512, 'L': 80.0, 'h': 0.125, 'dt': 0.000125, 'T': 0.02, 'eval_half': 10.0} completed
130 /156 {'method': 'Euler', 'case': 'fig1b', 'model': 'FD', 'mesh': 'fixed', 'variant': 'domain_double', 'nx': 512, 'L': 80.0, 'h': 0.125, 'dt': 0.000125, 'T': 0.02, 'eval_half': 10.0} completed
131 /156 {'method': 'Euler', 'case': 'fig1b', 'model': 'SD2', 'mesh': 'moving', 'variant': 'domain_double', 'nx': 512, 'L': 80.0, 'h': 0.125, 'dt': 0.000125, 'T': 0.02, 'eval_half': 10.0} completed
132 /156 {'method': 'Euler', 'case': 'fig1b', 'model': 'FD', 'mesh': 'moving', 'variant': 'domain_double', 'nx': 512, 'L': 80.0, 'h': 0.125, 'dt': 0.000125, 'T': 0.02, 'eval_half': 10.0} completed
133 /156 {'method': 'Euler', 'case': 'fig1a', 'model': 'SD', 'mesh': 'fixed', 'variant': 'x_half_time_half', 'nx': 512, 'L': 40.0, 'h': 0.125, 'dt': 3.125e-05, 'T': 0.02, 'eval_half': 10.0} completed
134 /156 {'method': 'Euler', 'case': 'fig1a', 'model': 'SD', 'mesh': 'moving', 'variant': 'x_half_time_half', 'nx': 512, 'L': 40.0, 'h': 0.125, 'dt': 3.125e-05, 'T': 0.02, 'eval_half': 10.0} completed
135 /156 {'method': 'Euler', 'case': 'fig1a', 'model': 'SD2', 'mesh': 'fixed', 'variant': 'x_half_time_half', 'nx': 512, 'L': 40.0, 'h': 0.125, 'dt': 3.125e-05, 'T': 0.02, 'eval_half': 10.0} completed
136 /156 {'method': 'Euler', 'case': 'fig1a', 'model': 'FD', 'mesh': 'fixed', 'variant': 'x_half_time_half', 'nx': 512, 'L': 40.0, 'h': 0.125, 'dt': 3.125e-05, 'T': 0.02, 'eval_half': 10.0} completed
137 /156 {'method': 'Euler', 'case': 'fig1a', 'model': 'SD2', 'mesh': 'moving', 'variant': 'x_half_time_half', 'nx': 512, 'L': 40.0, 'h': 0.125, 'dt': 3.125e-05, 'T': 0.02, 'eval_half': 10.0} completed
138 /156 {'method': 'Euler', 'case': 'fig1a', 'model': 'FD', 'mesh': 'moving', 'variant': 'x_half_time_half', 'nx': 512, 'L': 40.0, 'h': 0.125, 'dt': 3.125e-05, 'T': 0.02, 'eval_half': 10.0} completed
139 /156 {'method': 'Euler', 'case': 'fig1b', 'model': 'SD', 'mesh': 'fixed', 'variant': 'x_half_time_half', 'nx': 512, 'L': 40.0, 'h': 0.125, 'dt': 3.125e-05, 'T': 0.02, 'eval_half': 10.0} completed
140 /156 {'method': 'Euler', 'case': 'fig1b', 'model': 'SD', 'mesh': 'moving', 'variant': 'x_half_time_half', 'nx': 512, 'L': 40.0, 'h': 0.125, 'dt': 3.125e-05, 'T': 0.02, 'eval_half': 10.0} completed
141 /156 {'method': 'Euler', 'case': 'fig1b', 'model': 'SD2', 'mesh': 'fixed', 'variant': 'x_half_time_half', 'nx': 512, 'L': 40.0, 'h': 0.125, 'dt': 3.125e-05, 'T': 0.02, 'eval_half': 10.0} completed
142 /156 {'method': 'Euler', 'case': 'fig1b', 'model': 'FD', 'mesh': 'fixed', 'variant': 'x_half_time_half', 'nx': 512, 'L': 40.0, 'h': 0.125, 'dt': 3.125e-05, 'T': 0.02, 'eval_half': 10.0} completed
143 /156 {'method': 'Euler', 'case': 'fig1b', 'model': 'SD2', 'mesh': 'moving', 'variant': 'x_half_time_half', 'nx': 512, 'L': 40.0, 'h': 0.125, 'dt': 3.125e-05, 'T': 0.02, 'eval_half': 10.0} completed
144 /156 {'method': 'Euler', 'case': 'fig1a', 'model': 'SD', 'mesh': 'fixed', 'variant': 'time_quarter', 'nx': 256, 'L': 40.0, 'h': 0.125, 'dt': 3.125e-05, 'T': 0.02, 'eval_half': 10.0} completed
145 /156 {'method': 'Euler', 'case': 'fig1b', 'model': 'FD', 'mesh': 'moving', 'variant': 'x_half_time_half', 'nx': 512, 'L': 40.0, 'h': 0.125, 'dt': 3.125e-05, 'T': 0.02, 'eval_half': 10.0} completed
146 /156 {'method': 'Euler', 'case': 'fig1a', 'model': 'SD2', 'mesh': 'fixed', 'variant': 'time_quarter', 'nx': 256, 'L': 40.0, 'h': 0.125, 'dt': 3.125e-05, 'T': 0.02, 'eval_half': 10.0} completed
147 /156 {'method': 'Euler', 'case': 'fig1a', 'model': 'SD', 'mesh': 'moving', 'variant': 'time_quarter', 'nx': 256, 'L': 40.0, 'h': 0.125, 'dt': 3.125e-05, 'T': 0.02, 'eval_half': 10.0} completed
148 /156 {'method': 'Euler', 'case': 'fig1a', 'model': 'FD', 'mesh': 'fixed', 'variant': 'time_quarter', 'nx': 256, 'L': 40.0, 'h': 0.125, 'dt': 3.125e-05, 'T': 0.02, 'eval_half': 10.0} completed
149 /156 {'method': 'Euler', 'case': 'fig1a', 'model': 'SD2', 'mesh': 'moving', 'variant': 'time_quarter', 'nx': 256, 'L': 40.0, 'h': 0.125, 'dt': 3.125e-05, 'T': 0.02, 'eval_half': 10.0} completed
150 /156 {'method': 'Euler', 'case': 'fig1a', 'model': 'FD', 'mesh': 'moving', 'variant': 'time_quarter', 'nx': 256, 'L': 40.0, 'h': 0.125, 'dt': 3.125e-05, 'T': 0.02, 'eval_half': 10.0} completed
151 /156 {'method': 'Euler', 'case': 'fig1b', 'model': 'SD', 'mesh': 'fixed', 'variant': 'time_quarter', 'nx': 256, 'L': 40.0, 'h': 0.125, 'dt': 3.125e-05, 'T': 0.02, 'eval_half': 10.0} completed
152 /156 {'method': 'Euler', 'case': 'fig1b', 'model': 'SD2', 'mesh': 'fixed', 'variant': 'time_quarter', 'nx': 256, 'L': 40.0, 'h': 0.125, 'dt': 3.125e-05, 'T': 0.02, 'eval_half': 10.0} completed
153 /156 {'method': 'Euler', 'case': 'fig1b', 'model': 'SD', 'mesh': 'moving', 'variant': 'time_quarter', 'nx': 256, 'L': 40.0, 'h': 0.125, 'dt': 3.125e-05, 'T': 0.02, 'eval_half': 10.0} completed
154 /156 {'method': 'Euler', 'case': 'fig1b', 'model': 'FD', 'mesh': 'fixed', 'variant': 'time_quarter', 'nx': 256, 'L': 40.0, 'h': 0.125, 'dt': 3.125e-05, 'T': 0.02, 'eval_half': 10.0} completed
155 /156 {'method': 'Euler', 'case': 'fig1b', 'model': 'SD2', 'mesh': 'moving', 'variant': 'time_quarter', 'nx': 256, 'L': 40.0, 'h': 0.125, 'dt': 3.125e-05, 'T': 0.02, 'eval_half': 10.0} completed
156 /156 {'method': 'Euler', 'case': 'fig1b', 'model': 'FD', 'mesh': 'moving', 'variant': 'time_quarter', 'nx': 256, 'L': 40.0, 'h': 0.125, 'dt': 3.125e-05, 'T': 0.02, 'eval_half': 10.0} completed
DONE 156
