p_t= (-2*beta*c**2*s1 - c*p2 - gamma*p1 + p0**2*s1 + 2*p0*p1*s0)/c
s_t= (-c**2*p1 + c*s2 - gamma*s1 + 2*p0*s0*s1 + p1*s0**2)/c
Q4 density= 2*beta*c**2*gamma/3 + 4*beta*c**2*p0*s0/3 + 2*beta*gamma*s0**2 - 4*beta*p0*s0**3/3 + gamma*p0**2 - 2*p0**3*s0/3 + p1*(2*c*p0 - 4*s1/3 - 2*p0*s0**2/c) - 2*gamma*p0*s1/c + gamma**3/(3*c**2) - gamma*p0**2*s0**2/c**2 + 2*p0**3*s0**3/(3*c**2)
{
  "mass_p": [
    "0",
    "0"
  ],
  "mass_s": [
    "0",
    "0"
  ],
  "momentum": [
    "0",
    "0"
  ],
  "Hamiltonian": [
    "0",
    "0"
  ],
  "Q4": [
    "0",
    "0"
  ]
}
Lax coefficient 1 : 0
Lax coefficient 2 : 0
sigma_t= -(8*c**2*eta**2 - 2*c**2*p0**2 + 4*c*p0*s1 - 4*c*p1*s0 - 8*eta**2*s0**2 + gamma**2 - 4*gamma*p0*s0 + 6*p0**2*s0**2)/(4*c**2)
gauge_compatibility 0
adjoint_heat 0
linearized characteristic: -(-4*c**2*eta**2*k**2 + c**2*k**4 - c**2*lambda**2 - 2*I*c*gamma*k*lambda + gamma**2*k**2)/c**2
All polynomial gauge identities certified for arbitrary jets and parameters.
a_miura 0
d_miura 0
