Direction H -- Toda-type embedding: symbolic reduction / obstruction
SymPy 1.13.3

=== E1: symbolic structural identities (general symbolic parameters) ===
[PASS] E1a  m^(n+1)_ij / m^(n)_ij = -(p_i-a)/(q_j+a)  (entrywise, general N)  
[PASS] E1b  every Leibniz term of tau_{n+1}/tau_n equals the same K (N=1)  
[PASS] E1b  every Leibniz term of tau_{n+1}/tau_n equals the same K (N=2)  
[PASS] E1b  every Leibniz term of tau_{n+1}/tau_n equals the same K (N=3)  
[FAIL] E1c  P(phi_i psi_j) = (p_i+q_j)(p_i+q_j+2a) * phi_i psi_j  factor = 2*(a + q0)*(p0 + q0)
[PASS] E1c2 D_x^2 e^{2S} = 0 identically (Hirota operator kills equal frequencies)  coefficient (k+k)^2-(k+k)^2 = 0
[FAIL] E1d  q = -p-2a  =>  p-a = -(q+a)  value = -2*a
[FAIL] E1e  1/(p-a) + 1/(q+a) = 0 on p+q+2a=0  (pair loses all y-dependence)  value = 2*a/(-a**2 + p0**2)
[FAIL] E1f  D_{x_-1} pair coefficient = 2/(p-a) (generically nonzero)  value = 2*p0/(-a**2 + p0**2)
[PASS] E1g  u = 2 d_x ln(tau_{n+1}/tau_n) = 2(p+q) = -4a (constant in x,y,t)  u = -4*a

=== E2: exact determinant family (c_j = 0), induced (u, v) ===
[PASS] E2a  N=1, a=1: tau_1 = K tau_0 identically (K=0)  
[PASS] E2b  N=1: d_y ln(tau_{n+1}/tau_n) = 0  value = 0
[PASS] E2c  N=1: u constant in x,y,t  u = 0
[PASS] E2d  N=1: v = 2 (ln tau_n tau_{n+1})_{xy} = 0  v = 0
[PASS] E2a  N=2, a=1: tau_1 = K tau_0 identically (K=0)  
[PASS] E2b  N=2: d_y ln(tau_{n+1}/tau_n) = 0  value = 0
[PASS] E2c  N=2: u constant in x,y,t  u = 0
[PASS] E2d  N=2: v = 2 (ln tau_n tau_{n+1})_{xy} = 0  v = 0
[PASS] E2e  c_j = 0, N>=2: Gram determinant vanishes identically (degenerate sector)  
[PASS] E2f  (u,v) = (-4a, 0) solves (1)-(2) for every a at lam = -2  res1 = 0, res2 = 0

=== E3: Toda three-term recurrence in the hierarchy index n ===
[FAIL] E3a  bilinear Toda holds iff S'' = (K^2-1)/2  [n=0]  residual = 2*K*exp(2*S(x))*Derivative(S(x), (x, 2))
[FAIL] E3a  bilinear Toda holds iff S'' = (K^2-1)/2  [n=1]  residual = 2*K**3*exp(2*S(x))*Derivative(S(x), (x, 2))
[FAIL] E3b  Toda field W_n = tau_{n+1}tau_{n-1}/tau_n^2 = K^2 (constant, not 1)  W = 1
[PASS] E3c  CONTROL: K = 1 => W_n = 1 and the Toda equation degenerates to S'' = 0  

=== E4: exact-rational (Fraction) checks over Q ===
[PASS] E4a  tau_1 = K tau_0 = 0 exactly over Q (c_j = 0, N>=2 degenerate)  tau_1 = 0, K*tau_0 = 0, K = -1/11
[PASS] E4b  control (c_i != 0 diagonal model): Toda field W_n != 1, so tau_{n+1}/tau_n is NOT a modulus constant  W = ['2032/1083', '85641075/101161088', '2455172205724/2257431125625']
[PASS] E4c  c_j = 0 forces u = 2(p_i+q_i) = -4a for every i  u values = ['-4', '-4', '-4']

================ SUMMARY ================
20/27 checks passed
FAILED: ['E1c  P(phi_i psi_j) = (p_i+q_j)(p_i+q_j+2a) * phi_i psi_j', 'E1d  q = -p-2a  =>  p-a = -(q+a)', 'E1e  1/(p-a) + 1/(q+a) = 0 on p+q+2a=0  (pair loses all y-dependence)', 'E1f  D_{x_-1} pair coefficient = 2/(p-a) (generically nonzero)', "E3a  bilinear Toda holds iff S'' = (K^2-1)/2  [n=0]", "E3a  bilinear Toda holds iff S'' = (K^2-1)/2  [n=1]", 'E3b  Toda field W_n = tau_{n+1}tau_{n-1}/tau_n^2 = K^2 (constant, not 1)']
