
=== N=1 generic: N=1 p=[mpf('1.0')] q=[mpf('3.0')] c=[mpf('1.0')] a=2.0
    (p_i+q_j+2a) = [[mpf('8.0')]]
    pt=(0.3333333333333333, 0.4, 0.14285714285714285): f=1.15889021334 g=1.79445106672
        eq(7) residual = 3.254071569e-23
        eq(6) residual = 4.448098897e-23
        d_y ln(f/g)    = 0.2444968179
        u              = -2.444968179
    pt=(0.4, 0.42857142857142855, 0.4444444444444444): f=3.26362189559 g=12.3181094779
        eq(7) residual = 4.635897642e-22
        eq(6) residual = 6.336963017e-22
        d_y ln(f/g)    = 0.180181404
        u              = -1.80181404

=== N=1 constrained: N=1 p=[mpf('1.0')] q=[mpf('-5.0')] c=[mpf('1.0')] a=2.0
    (p_i+q_j+2a) = [[mpf('0.0')]]
    pt=(0.3333333333333333, 0.4, 0.14285714285714285): f=1.14616752437 g=0.561497426894
        eq(7) residual = -9.688996943e-21
        eq(6) residual = -6.454280516e-21
        d_y ln(f/g)    = -1.21130567
        u              = -7.267834018
    pt=(0.4, 0.42857142857142855, 0.4444444444444444): f=150.954429627 g=-448.86328888
        eq(7) residual = -9.94001928e-18
        eq(6) residual = -6.621497885e-18
        d_y ln(f/g)    = 0.01180315413
        u              = 0.07081892479

=== N=2 diagonal-constrained: N=2 p=[mpf('1.0'), mpf('3.0')] q=[mpf('-5.0'), mpf('-7.0')] c=[mpf('1.0'), mpf('1.0')] a=2.0
    (p_i+q_j+2a) = [[mpf('0.0'), mpf('-2.0')], [mpf('2.0'), mpf('0.0')]]
    pt=(0.3333333333333333, 0.4, 0.14285714285714285): f=-0.779496080171 g=-11.0393924566
        eq(7) residual = 1.963794998e-18
        eq(6) residual = 6.513150821e-18
        d_y ln(f/g)    = 1.78599834
        u              = -7.454024955
    pt=(0.4, 0.42857142857142855, 0.4444444444444444): f=13476043.2962 g=-207640903.867
        eq(7) residual = 0.0001530101089
        eq(6) residual = 0.0001020894161
        d_y ln(f/g)    = -0.03605881272
        u              = -0.2162371648

=== N=2 mixed: N=2 p=[mpf('1.0'), mpf('3.0')] q=[mpf('-5.0'), mpf('4.0')] c=[mpf('1.0'), mpf('1.0')] a=2.0
    (p_i+q_j+2a) = [[mpf('0.0'), mpf('9.0')], [mpf('2.0'), mpf('11.0')]]
    pt=(0.3333333333333333, 0.4, 0.14285714285714285): f=0.857642885861 g=4.76499494581
        eq(7) residual = 4.721639234e-20
        eq(6) residual = -1.426173595e-20
        d_y ln(f/g)    = -1.412909108
        u              = -17.00749949
    pt=(0.4, 0.42857142857142855, 0.4444444444444444): f=1584.41659825 g=25481.3872923
        eq(7) residual = 1.854863164e-13
        eq(6) residual = -1.691451886e-13
        d_y ln(f/g)    = -0.1370748443
        u              = -1.612677635
